[www.windrose.ai/owners-manual-norsk/index.html]
[backblue.gif]
[fade.gif]
[index.html]
[www.windrose.ai/owners-manual-norsk/styles.css]
[www.windrose.ai/owners-manual-norsk/images/image1.png]
[www.windrose.ai/owners-manual-norsk/images/image2.png]
[www.windrose.ai/owners-manual-norsk/images/image3.png]
[www.windrose.ai/owners-manual-norsk/images/image4.png]
[www.windrose.ai/owners-manual-norsk/images/image9.jpg]
[www.windrose.ai/owners-manual-norsk/images/image10.jpg]
[www.windrose.ai/owners-manual-norsk/images/image11.jpg]
[www.windrose.ai/owners-manual-norsk/images/image12.jpg]
[www.windrose.ai/owners-manual-norsk/images/image6.png]
[www.windrose.ai/owners-manual-norsk/images/image7.png]
[www.windrose.ai/owners-manual-norsk/images/image13.jpg]
[www.windrose.ai/owners-manual-norsk/images/image14.jpg]
[www.windrose.ai/owners-manual-norsk/images/image15.jpg]
[www.windrose.ai/owners-manual-norsk/images/image16.jpg]
[www.windrose.ai/owners-manual-norsk/images/image17.jpg]
[www.windrose.ai/owners-manual-norsk/images/image18.jpg]
[www.windrose.ai/owners-manual-norsk/images/image19.jpg]
[www.windrose.ai/owners-manual-norsk/images/image20.jpg]
[www.windrose.ai/owners-manual-norsk/images/image21.jpg]
[www.windrose.ai/owners-manual-norsk/images/image22.jpg]
[www.windrose.ai/owners-manual-norsk/images/image23.jpg]
[www.windrose.ai/owners-manual-norsk/images/image24.jpg]
[www.windrose.ai/owners-manual-norsk/images/image25.jpg]
[www.windrose.ai/owners-manual-norsk/images/image26.jpg]
[www.windrose.ai/owners-manual-norsk/images/image27.jpg]
[www.windrose.ai/owners-manual-norsk/images/image28.jpg]
[www.windrose.ai/owners-manual-norsk/images/image29.jpg]
[www.windrose.ai/owners-manual-norsk/images/image30.jpg]
[www.windrose.ai/owners-manual-norsk/images/image31.jpg]
[www.windrose.ai/owners-manual-norsk/images/image32.jpg]
[www.windrose.ai/owners-manual-norsk/images/image33.jpg]
[www.windrose.ai/owners-manual-norsk/images/image34.jpg]
[www.windrose.ai/owners-manual-norsk/images/image35.jpg]
[www.windrose.ai/owners-manual-norsk/images/image36.jpg]
[www.windrose.ai/owners-manual-norsk/images/image37.jpg]
[www.windrose.ai/owners-manual-norsk/images/image38.jpg]
[www.windrose.ai/owners-manual-norsk/images/image39.jpg]
[www.windrose.ai/owners-manual-norsk/images/image40.jpg]
[www.windrose.ai/owners-manual-norsk/images/image41.jpg]
[www.windrose.ai/owners-manual-norsk/images/image42.jpg]
[www.windrose.ai/owners-manual-norsk/images/image43.jpg]
[www.windrose.ai/owners-manual-norsk/images/image44.jpg]
[www.windrose.ai/owners-manual-norsk/images/image45.jpg]
[www.windrose.ai/owners-manual-norsk/images/image46.jpg]
[www.windrose.ai/owners-manual-norsk/images/image47.jpg]
[www.windrose.ai/owners-manual-norsk/images/image48.jpg]
[www.windrose.ai/owners-manual-norsk/images/image49.jpg]
[www.windrose.ai/owners-manual-norsk/images/image50.jpg]
[www.windrose.ai/owners-manual-norsk/images/image51.jpg]
[www.windrose.ai/owners-manual-norsk/images/image52.jpg]
[www.windrose.ai/owners-manual-norsk/images/image53.jpg]
[www.windrose.ai/owners-manual-norsk/images/image54.jpg]
[www.windrose.ai/owners-manual-norsk/images/image55.jpg]
[www.windrose.ai/owners-manual-norsk/images/image56.jpg]
[www.windrose.ai/owners-manual-norsk/images/image57.jpg]
[www.windrose.ai/owners-manual-norsk/images/image58.jpg]
[www.windrose.ai/owners-manual-norsk/images/image59.jpg]
[www.windrose.ai/owners-manual-norsk/images/image60.jpg]
[www.windrose.ai/owners-manual-norsk/images/image61.jpg]
[www.windrose.ai/owners-manual-norsk/images/image62.jpg]
[www.windrose.ai/owners-manual-norsk/images/image63.jpg]
[www.windrose.ai/owners-manual-norsk/images/image64.jpg]
[www.windrose.ai/owners-manual-norsk/images/image65.jpg]
[www.windrose.ai/owners-manual-norsk/images/image66.jpg]
[www.windrose.ai/owners-manual-norsk/images/image67.jpg]
[www.windrose.ai/owners-manual-norsk/images/image68.jpg]
[www.windrose.ai/owners-manual-norsk/images/image69.jpg]
[www.windrose.ai/owners-manual-norsk/images/image70.jpg]
[www.windrose.ai/owners-manual-norsk/images/image71.jpg]
[www.windrose.ai/owners-manual-norsk/images/image72.jpg]
[www.windrose.ai/owners-manual-norsk/images/image73.jpg]
[www.windrose.ai/owners-manual-norsk/images/image74.jpg]
[www.windrose.ai/owners-manual-norsk/images/image75.jpg]
[www.windrose.ai/owners-manual-norsk/images/image76.jpg]
[www.windrose.ai/owners-manual-norsk/images/image77.jpg]
[www.windrose.ai/owners-manual-norsk/images/image78.jpg]
[www.windrose.ai/owners-manual-norsk/images/image79.jpg]
[www.windrose.ai/owners-manual-norsk/images/image80.jpg]
[www.windrose.ai/owners-manual-norsk/images/image81.jpg]
[www.windrose.ai/owners-manual-norsk/images/image82.jpg]
[www.windrose.ai/owners-manual-norsk/images/image83.jpg]
[www.windrose.ai/owners-manual-norsk/images/image84.jpg]
[www.windrose.ai/owners-manual-norsk/images/image85.jpg]
[www.windrose.ai/owners-manual-norsk/images/image86.jpg]
[www.windrose.ai/owners-manual-norsk/images/image87.jpg]
[www.windrose.ai/owners-manual-norsk/images/image88.jpg]
[www.windrose.ai/owners-manual-norsk/images/image89.jpg]
[www.windrose.ai/owners-manual-norsk/images/image90.jpg]
[www.windrose.ai/owners-manual-norsk/images/image5.png]
[www.windrose.ai/owners-manual-norsk/images/image91.jpg]
[www.windrose.ai/owners-manual-norsk/images/image92.jpg]
[www.windrose.ai/owners-manual-norsk/images/image93.jpg]
[www.windrose.ai/owners-manual-norsk/images/image94.jpg]
[www.windrose.ai/owners-manual-norsk/images/image95.jpg]
[www.windrose.ai/owners-manual-norsk/images/image96.jpg]
[www.windrose.ai/owners-manual-norsk/images/image97.jpg]
[www.windrose.ai/owners-manual-norsk/images/image98.jpg]
[www.windrose.ai/owners-manual-norsk/images/image99.jpg]
[www.windrose.ai/owners-manual-norsk/images/image100.jpg]
[www.windrose.ai/owners-manual-norsk/images/image101.jpg]
[www.windrose.ai/owners-manual-norsk/images/image102.jpg]
[www.windrose.ai/owners-manual-norsk/images/image103.jpg]
[www.windrose.ai/owners-manual-norsk/images/image104.jpg]
[www.windrose.ai/owners-manual-norsk/images/image105.jpg]
[www.windrose.ai/owners-manual-norsk/images/image106.jpg]
[www.windrose.ai/owners-manual-norsk/images/image107.jpg]
[www.windrose.ai/owners-manual-norsk/images/image108.jpg]
[www.windrose.ai/owners-manual-norsk/images/image109.jpg]
[www.windrose.ai/owners-manual-norsk/images/image110.jpg]
[www.windrose.ai/owners-manual-norsk/images/image111.jpg]
[www.windrose.ai/owners-manual-norsk/images/image112.jpg]
[www.windrose.ai/owners-manual-norsk/images/image113.jpg]
[www.windrose.ai/owners-manual-norsk/images/image114.jpg]
[www.windrose.ai/owners-manual-norsk/images/image115.jpg]
[www.windrose.ai/owners-manual-norsk/images/image116.jpg]
[www.windrose.ai/owners-manual-norsk/images/image117.jpg]
[www.windrose.ai/owners-manual-norsk/images/image118.jpg]
[www.windrose.ai/owners-manual-norsk/images/image119.jpg]
[www.windrose.ai/owners-manual-norsk/images/image120.jpg]
[www.windrose.ai/owners-manual-norsk/images/image121.jpg]
[www.windrose.ai/owners-manual-norsk/images/image122.jpg]
[www.windrose.ai/owners-manual-norsk/images/image123.jpg]
[www.windrose.ai/owners-manual-norsk/images/image124.jpg]
[www.windrose.ai/owners-manual-norsk/images/image125.jpg]
[www.windrose.ai/owners-manual-norsk/images/image126.jpg]
[www.windrose.ai/owners-manual-norsk/images/image127.jpg]
[www.windrose.ai/owners-manual-norsk/images/image128.jpg]
[www.windrose.ai/owners-manual-norsk/images/image129.jpg]
[www.windrose.ai/owners-manual-norsk/images/image130.jpg]
[www.windrose.ai/owners-manual-norsk/images/image131.jpg]
[www.windrose.ai/owners-manual-norsk/images/image132.jpg]
[www.windrose.ai/owners-manual-norsk/images/image133.jpg]
[www.windrose.ai/owners-manual-norsk/images/image134.jpg]
[www.windrose.ai/owners-manual-norsk/images/image135.jpg]
[www.windrose.ai/owners-manual-norsk/images/image136.jpg]
[www.windrose.ai/owners-manual-norsk/images/image137.jpg]
[www.windrose.ai/owners-manual-norsk/images/image138.jpg]
[www.windrose.ai/owners-manual-norsk/images/image139.jpg]
[www.windrose.ai/owners-manual-norsk/images/image140.jpg]
[www.windrose.ai/owners-manual-norsk/images/image141.jpg]
[www.windrose.ai/owners-manual-norsk/images/image142.jpg]
[www.windrose.ai/owners-manual-norsk/images/image143.jpg]
[www.windrose.ai/owners-manual-norsk/images/image144.jpg]
[www.windrose.ai/owners-manual-norsk/images/image145.jpg]
[www.windrose.ai/owners-manual-norsk/images/image146.jpg]
[www.windrose.ai/owners-manual-norsk/images/image147.jpg]
[www.windrose.ai/owners-manual-norsk/images/image148.jpg]
[www.windrose.ai/owners-manual-norsk/images/image149.jpg]
[www.windrose.ai/owners-manual-norsk/images/image150.jpg]
[www.windrose.ai/owners-manual-norsk/images/image151.jpg]
[www.windrose.ai/owners-manual-norsk/images/image152.jpg]
[www.windrose.ai/owners-manual-norsk/images/image153.jpg]
[www.windrose.ai/owners-manual-norsk/images/image154.jpg]
[www.windrose.ai/owners-manual-norsk/images/image155.jpg]
[www.windrose.ai/owners-manual-norsk/images/image156.jpg]
[www.windrose.ai/owners-manual-norsk/images/image157.jpg]
[www.windrose.ai/owners-manual-norsk/images/image158.jpg]
[www.windrose.ai/owners-manual-norsk/images/image159.jpg]
[www.windrose.ai/owners-manual-norsk/images/image160.jpg]
[www.windrose.ai/owners-manual-norsk/images/image161.jpg]
[www.windrose.ai/owners-manual-norsk/images/image162.jpg]
[www.windrose.ai/owners-manual-norsk/images/image163.jpg]
[www.windrose.ai/owners-manual-norsk/images/image164.jpg]
[www.windrose.ai/owners-manual-norsk/images/image165.jpg]
[www.windrose.ai/owners-manual-norsk/images/image166.jpg]
[www.windrose.ai/owners-manual-norsk/images/image167.jpg]
[www.windrose.ai/owners-manual-norsk/images/image168.jpg]
[www.windrose.ai/owners-manual-norsk/images/image169.jpg]
[www.windrose.ai/owners-manual-norsk/images/image170.jpg]
[www.windrose.ai/owners-manual-norsk/images/image171.jpg]
[www.windrose.ai/owners-manual-norsk/images/image172.jpg]
[www.windrose.ai/owners-manual-norsk/images/image173.jpg]
[www.windrose.ai/owners-manual-norsk/images/image174.jpg]
[www.windrose.ai/owners-manual-norsk/images/image175.jpg]
[www.windrose.ai/owners-manual-norsk/images/image176.jpg]
[www.windrose.ai/owners-manual-norsk/images/image177.jpg]
[www.windrose.ai/owners-manual-norsk/images/image178.jpg]
[www.windrose.ai/owners-manual-norsk/images/image179.jpg]
[www.windrose.ai/owners-manual-norsk/images/image180.jpg]
[www.windrose.ai/owners-manual-norsk/images/image181.jpg]
[www.windrose.ai/owners-manual-norsk/images/image182.jpg]
[www.windrose.ai/owners-manual-norsk/images/image183.jpg]
[www.windrose.ai/owners-manual-norsk/images/image184.png]
[www.windrose.ai/owners-manual-norsk/images/image185.png]
[www.windrose.ai/owners-manual-norsk/images/image186.png]
[www.windrose.ai/owners-manual-norsk/images/image187.png]
[www.windrose.ai/owners-manual-norsk/images/image188.png]
[www.windrose.ai/owners-manual-norsk/images/image189.png]
[www.windrose.ai/owners-manual-norsk/images/image193.jpg]
[www.windrose.ai/owners-manual-norsk/images/image194.jpg]
[www.windrose.ai/owners-manual-norsk/images/image195.jpg]
[www.windrose.ai/owners-manual-norsk/images/image196.jpg]
[www.windrose.ai/owners-manual-norsk/images/image197.jpg]
[www.windrose.ai/owners-manual-norsk/images/image198.jpg]
[www.windrose.ai/owners-manual-norsk/images/image199.jpg]
[www.windrose.ai/owners-manual-norsk/images/image200.jpg]
[www.windrose.ai/owners-manual-norsk/images/image201.jpg]
[www.windrose.ai/owners-manual-norsk/images/image202.jpg]
[www.windrose.ai/owners-manual-norsk/images/image203.jpg]
[www.windrose.ai/owners-manual-norsk/images/image204.jpg]
[www.windrose.ai/owners-manual-norsk/images/image205.jpg]
[www.windrose.ai/owners-manual-norsk/images/image206.jpg]
[www.windrose.ai/owners-manual-norsk/images/image207.jpg]
[www.windrose.ai/owners-manual-norsk/images/image208.jpg]
[www.windrose.ai/owners-manual-norsk/images/image209.jpg]
[www.windrose.ai/owners-manual-norsk/images/image222.jpg]
[www.windrose.ai/owners-manual-norsk/images/image211.jpg]
[www.windrose.ai/owners-manual-norsk/images/image212.jpg]
[www.windrose.ai/owners-manual-norsk/images/image213.jpg]
[www.windrose.ai/owners-manual-norsk/images/image214.jpg]
[www.windrose.ai/owners-manual-norsk/images/image215.jpg]
[www.windrose.ai/owners-manual-norsk/images/image216.jpg]
[www.windrose.ai/owners-manual-norsk/images/image217.jpg]
[www.windrose.ai/owners-manual-norsk/images/image218.jpg]
[www.windrose.ai/owners-manual-norsk/images/image219.jpg]
[www.windrose.ai/owners-manual-norsk/images/image220.jpg]
[www.windrose.ai/owners-manual-norsk/images/image221.jpg]
[www.windrose.ai/owners-manual-norsk/images/image223.jpg]
[www.windrose.ai/owners-manual-norsk/images/image224.jpg]
[www.windrose.ai/owners-manual-norsk/images/image225.jpg]
[www.windrose.ai/owners-manual-norsk/images/image226.jpg]
[www.windrose.ai/owners-manual-norsk/images/image227.jpg]
[www.windrose.ai/owners-manual-norsk/images/image228.jpg]
[www.windrose.ai/owners-manual-norsk/images/image229.jpg]
[www.windrose.ai/owners-manual-norsk/images/image230.jpg]
[www.windrose.ai/owners-manual-norsk/images/image231.jpg]
[www.windrose.ai/owners-manual-norsk/images/image232.jpg]
[www.windrose.ai/owners-manual-norsk/images/image233.jpg]
[www.windrose.ai/owners-manual-norsk/images/image234.jpg]
[www.windrose.ai/owners-manual-norsk/images/image235.jpg]
[www.windrose.ai/owners-manual-norsk/images/image236.jpg]
[www.windrose.ai/owners-manual-norsk/images/image237.jpg]
[www.windrose.ai/owners-manual-norsk/images/image238.jpg]
[www.windrose.ai/owners-manual-norsk/images/image239.jpg]
[www.windrose.ai/owners-manual-norsk/images/image240.jpg]
[www.windrose.ai/owners-manual-norsk/images/image241.jpg]
[www.windrose.ai/owners-manual-norsk/images/image242.jpg]
[www.windrose.ai/owners-manual-norsk/images/image243.jpg]
[www.windrose.ai/owners-manual-norsk/images/image244.jpg]
[www.windrose.ai/owners-manual-norsk/images/image245.jpg]
[www.windrose.ai/owners-manual-norsk/images/image246.jpg]
[www.windrose.ai/owners-manual-norsk/index.html]
[www.windrose.ai/owners-manual-norsk/styles.css]
